2026-07-27 09:06:33 INFO src.app: --------------------------------------------------
2026-07-27 09:06:33 INFO src.extensions: Datei 'infofile' vorhanden: /home/kaykoch/Nextcloud/Python/tss_untisanmeldung/tss_untisanmeldung/src/data/info.pdf
2026-07-27 09:06:33 INFO src.extensions: Datei 'tomlfile' vorhanden: /home/kaykoch/Nextcloud/Python/tss_untisanmeldung/tss_untisanmeldung/src/data/texts.toml
2026-07-27 09:06:33 INFO src.extensions: Datei 'prototypeazubi' vorhanden: /home/kaykoch/Nextcloud/Python/tss_untisanmeldung/tss_untisanmeldung/src/data/prototyp_azubis.csv
2026-07-27 09:06:33 INFO src.extensions: Datei 'prototypeausbilder' vorhanden: /home/kaykoch/Nextcloud/Python/tss_untisanmeldung/tss_untisanmeldung/src/data/prototyp_ausbilder.csv
2026-07-27 09:06:33 INFO src.extensions: Texte geladen aus: /home/kaykoch/Nextcloud/Python/tss_untisanmeldung/tss_untisanmeldung/src/data/texts.toml
2026-07-27 09:06:33 INFO src.app: Datenbanktabellen erstellt/überprüft.
2026-07-27 09:06:33 INFO src.app: --------------------------------------------------
2026-07-27 09:06:33 INFO src.app:   --> !! App: Untisanmeldung wurde erfolgreich gestartet !!
2026-07-27 09:06:33 INFO src.app: --------------------------------------------------
2026-07-27 09:06:34 INFO src.app: --------------------------------------------------
2026-07-27 09:06:34 INFO src.extensions: Datei 'infofile' vorhanden: /home/kaykoch/Nextcloud/Python/tss_untisanmeldung/tss_untisanmeldung/src/data/info.pdf
2026-07-27 09:06:34 INFO src.extensions: Datei 'tomlfile' vorhanden: /home/kaykoch/Nextcloud/Python/tss_untisanmeldung/tss_untisanmeldung/src/data/texts.toml
2026-07-27 09:06:34 INFO src.extensions: Datei 'prototypeazubi' vorhanden: /home/kaykoch/Nextcloud/Python/tss_untisanmeldung/tss_untisanmeldung/src/data/prototyp_azubis.csv
2026-07-27 09:06:34 INFO src.extensions: Datei 'prototypeausbilder' vorhanden: /home/kaykoch/Nextcloud/Python/tss_untisanmeldung/tss_untisanmeldung/src/data/prototyp_ausbilder.csv
2026-07-27 09:06:34 INFO src.extensions: Texte geladen aus: /home/kaykoch/Nextcloud/Python/tss_untisanmeldung/tss_untisanmeldung/src/data/texts.toml
2026-07-27 09:06:34 INFO src.app: --------------------------------------------------
2026-07-27 09:06:34 INFO src.extensions: Datei 'infofile' vorhanden: /home/kaykoch/Nextcloud/Python/tss_untisanmeldung/tss_untisanmeldung/src/data/info.pdf
2026-07-27 09:06:34 INFO src.extensions: Datei 'tomlfile' vorhanden: /home/kaykoch/Nextcloud/Python/tss_untisanmeldung/tss_untisanmeldung/src/data/texts.toml
2026-07-27 09:06:34 INFO src.extensions: Datei 'prototypeazubi' vorhanden: /home/kaykoch/Nextcloud/Python/tss_untisanmeldung/tss_untisanmeldung/src/data/prototyp_azubis.csv
2026-07-27 09:06:34 INFO src.extensions: Datei 'prototypeausbilder' vorhanden: /home/kaykoch/Nextcloud/Python/tss_untisanmeldung/tss_untisanmeldung/src/data/prototyp_ausbilder.csv
2026-07-27 09:06:34 INFO src.extensions: Texte geladen aus: /home/kaykoch/Nextcloud/Python/tss_untisanmeldung/tss_untisanmeldung/src/data/texts.toml
2026-07-27 09:06:34 INFO src.app: Datenbanktabellen erstellt/überprüft.
2026-07-27 09:06:34 INFO src.app: Datenbanktabellen erstellt/überprüft.
2026-07-27 09:06:34 INFO src.app: --------------------------------------------------
2026-07-27 09:06:34 INFO src.app:   --> !! App: Untisanmeldung wurde erfolgreich gestartet !!
2026-07-27 09:06:34 INFO src.app: --------------------------------------------------
2026-07-27 09:06:34 INFO src.app: --------------------------------------------------
2026-07-27 09:06:34 INFO src.app:   --> !! App: Untisanmeldung wurde erfolgreich gestartet !!
2026-07-27 09:06:34 INFO src.app: --------------------------------------------------
2026-07-27 09:06:44 INFO src.app: --------------------------------------------------
2026-07-27 09:06:44 INFO src.extensions: Datei 'infofile' vorhanden: /home/kaykoch/Nextcloud/Python/tss_untisanmeldung/tss_untisanmeldung/src/data/info.pdf
2026-07-27 09:06:44 INFO src.extensions: Datei 'tomlfile' vorhanden: /home/kaykoch/Nextcloud/Python/tss_untisanmeldung/tss_untisanmeldung/src/data/texts.toml
2026-07-27 09:06:44 INFO src.extensions: Datei 'prototypeazubi' vorhanden: /home/kaykoch/Nextcloud/Python/tss_untisanmeldung/tss_untisanmeldung/src/data/prototyp_azubis.csv
2026-07-27 09:06:44 INFO src.extensions: Datei 'prototypeausbilder' vorhanden: /home/kaykoch/Nextcloud/Python/tss_untisanmeldung/tss_untisanmeldung/src/data/prototyp_ausbilder.csv
2026-07-27 09:06:44 INFO src.extensions: Texte geladen aus: /home/kaykoch/Nextcloud/Python/tss_untisanmeldung/tss_untisanmeldung/src/data/texts.toml
2026-07-27 09:06:44 INFO src.app: Datenbanktabellen erstellt/überprüft.
2026-07-27 09:06:44 INFO src.app: --------------------------------------------------
2026-07-27 09:06:44 INFO src.app:   --> !! App: Untisanmeldung wurde erfolgreich gestartet !!
2026-07-27 09:06:44 INFO src.app: --------------------------------------------------
2026-07-27 09:06:44 INFO src.app: --------------------------------------------------
2026-07-27 09:06:44 INFO src.extensions: Datei 'infofile' vorhanden: /home/kaykoch/Nextcloud/Python/tss_untisanmeldung/tss_untisanmeldung/src/data/info.pdf
2026-07-27 09:06:44 INFO src.extensions: Datei 'tomlfile' vorhanden: /home/kaykoch/Nextcloud/Python/tss_untisanmeldung/tss_untisanmeldung/src/data/texts.toml
2026-07-27 09:06:44 INFO src.extensions: Datei 'prototypeazubi' vorhanden: /home/kaykoch/Nextcloud/Python/tss_untisanmeldung/tss_untisanmeldung/src/data/prototyp_azubis.csv
2026-07-27 09:06:44 INFO src.extensions: Datei 'prototypeausbilder' vorhanden: /home/kaykoch/Nextcloud/Python/tss_untisanmeldung/tss_untisanmeldung/src/data/prototyp_ausbilder.csv
2026-07-27 09:06:44 INFO src.extensions: Texte geladen aus: /home/kaykoch/Nextcloud/Python/tss_untisanmeldung/tss_untisanmeldung/src/data/texts.toml
2026-07-27 09:06:44 INFO src.app: Datenbanktabellen erstellt/überprüft.
2026-07-27 09:06:44 INFO src.app: --------------------------------------------------
2026-07-27 09:06:44 INFO src.app:   --> !! App: Untisanmeldung wurde erfolgreich gestartet !!
2026-07-27 09:06:44 INFO src.app: --------------------------------------------------
2026-07-27 09:06:44 INFO src.app: --------------------------------------------------
2026-07-27 09:06:44 INFO src.extensions: Datei 'infofile' vorhanden: /home/kaykoch/Nextcloud/Python/tss_untisanmeldung/tss_untisanmeldung/src/data/info.pdf
2026-07-27 09:06:44 INFO src.extensions: Datei 'tomlfile' vorhanden: /home/kaykoch/Nextcloud/Python/tss_untisanmeldung/tss_untisanmeldung/src/data/texts.toml
2026-07-27 09:06:44 INFO src.extensions: Datei 'prototypeazubi' vorhanden: /home/kaykoch/Nextcloud/Python/tss_untisanmeldung/tss_untisanmeldung/src/data/prototyp_azubis.csv
2026-07-27 09:06:44 INFO src.extensions: Datei 'prototypeausbilder' vorhanden: /home/kaykoch/Nextcloud/Python/tss_untisanmeldung/tss_untisanmeldung/src/data/prototyp_ausbilder.csv
2026-07-27 09:06:44 INFO src.extensions: Texte geladen aus: /home/kaykoch/Nextcloud/Python/tss_untisanmeldung/tss_untisanmeldung/src/data/texts.toml
2026-07-27 09:06:44 INFO src.app: Datenbanktabellen erstellt/überprüft.
2026-07-27 09:06:44 INFO src.app: --------------------------------------------------
2026-07-27 09:06:44 INFO src.app:   --> !! App: Untisanmeldung wurde erfolgreich gestartet !!
2026-07-27 09:06:44 INFO src.app: --------------------------------------------------
2026-07-27 09:15:08 INFO src.app: --------------------------------------------------
2026-07-27 09:15:08 INFO src.extensions: Datei 'infofile' vorhanden: /home/kaykoch/Nextcloud/Python/tss_untisanmeldung/tss_untisanmeldung/src/data/info.pdf
2026-07-27 09:15:08 INFO src.extensions: Datei 'tomlfile' vorhanden: /home/kaykoch/Nextcloud/Python/tss_untisanmeldung/tss_untisanmeldung/src/data/texts.toml
2026-07-27 09:15:08 INFO src.extensions: Datei 'prototypeazubi' vorhanden: /home/kaykoch/Nextcloud/Python/tss_untisanmeldung/tss_untisanmeldung/src/data/prototyp_azubis.csv
2026-07-27 09:15:08 INFO src.extensions: Datei 'prototypeausbilder' vorhanden: /home/kaykoch/Nextcloud/Python/tss_untisanmeldung/tss_untisanmeldung/src/data/prototyp_ausbilder.csv
2026-07-27 09:15:08 INFO src.extensions: Texte geladen aus: /home/kaykoch/Nextcloud/Python/tss_untisanmeldung/tss_untisanmeldung/src/data/texts.toml
2026-07-27 09:15:08 INFO src.app: Datenbanktabellen erstellt/überprüft.
2026-07-27 09:15:08 INFO src.app: --------------------------------------------------
2026-07-27 09:15:08 INFO src.app:   --> !! App: Untisanmeldung wurde erfolgreich gestartet !!
2026-07-27 09:15:08 INFO src.app: --------------------------------------------------
2026-07-27 09:15:08 INFO src.app: --------------------------------------------------
2026-07-27 09:15:08 INFO src.extensions: Datei 'infofile' vorhanden: /home/kaykoch/Nextcloud/Python/tss_untisanmeldung/tss_untisanmeldung/src/data/info.pdf
2026-07-27 09:15:08 INFO src.extensions: Datei 'tomlfile' vorhanden: /home/kaykoch/Nextcloud/Python/tss_untisanmeldung/tss_untisanmeldung/src/data/texts.toml
2026-07-27 09:15:08 INFO src.extensions: Datei 'prototypeazubi' vorhanden: /home/kaykoch/Nextcloud/Python/tss_untisanmeldung/tss_untisanmeldung/src/data/prototyp_azubis.csv
2026-07-27 09:15:08 INFO src.extensions: Datei 'prototypeausbilder' vorhanden: /home/kaykoch/Nextcloud/Python/tss_untisanmeldung/tss_untisanmeldung/src/data/prototyp_ausbilder.csv
2026-07-27 09:15:08 INFO src.extensions: Texte geladen aus: /home/kaykoch/Nextcloud/Python/tss_untisanmeldung/tss_untisanmeldung/src/data/texts.toml
2026-07-27 09:15:08 INFO src.app: --------------------------------------------------
2026-07-27 09:15:08 INFO src.extensions: Datei 'infofile' vorhanden: /home/kaykoch/Nextcloud/Python/tss_untisanmeldung/tss_untisanmeldung/src/data/info.pdf
2026-07-27 09:15:08 INFO src.extensions: Datei 'tomlfile' vorhanden: /home/kaykoch/Nextcloud/Python/tss_untisanmeldung/tss_untisanmeldung/src/data/texts.toml
2026-07-27 09:15:08 INFO src.extensions: Datei 'prototypeazubi' vorhanden: /home/kaykoch/Nextcloud/Python/tss_untisanmeldung/tss_untisanmeldung/src/data/prototyp_azubis.csv
2026-07-27 09:15:08 INFO src.extensions: Datei 'prototypeausbilder' vorhanden: /home/kaykoch/Nextcloud/Python/tss_untisanmeldung/tss_untisanmeldung/src/data/prototyp_ausbilder.csv
2026-07-27 09:15:08 INFO src.extensions: Texte geladen aus: /home/kaykoch/Nextcloud/Python/tss_untisanmeldung/tss_untisanmeldung/src/data/texts.toml
2026-07-27 09:15:08 INFO src.app: Datenbanktabellen erstellt/überprüft.
2026-07-27 09:15:08 INFO src.app: Datenbanktabellen erstellt/überprüft.
2026-07-27 09:15:08 INFO src.app: --------------------------------------------------
2026-07-27 09:15:08 INFO src.app:   --> !! App: Untisanmeldung wurde erfolgreich gestartet !!
2026-07-27 09:15:08 INFO src.app: --------------------------------------------------
2026-07-27 09:15:08 INFO src.app: --------------------------------------------------
2026-07-27 09:15:08 INFO src.app:   --> !! App: Untisanmeldung wurde erfolgreich gestartet !!
2026-07-27 09:15:08 INFO src.app: --------------------------------------------------
2026-07-27 09:17:51 INFO src.app: --------------------------------------------------
2026-07-27 09:17:51 INFO src.extensions: Datei 'infofile' vorhanden: /home/kaykoch/Nextcloud/Python/tss_untisanmeldung/tss_untisanmeldung/src/data/info.pdf
2026-07-27 09:17:51 INFO src.extensions: Datei 'tomlfile' vorhanden: /home/kaykoch/Nextcloud/Python/tss_untisanmeldung/tss_untisanmeldung/src/data/texts.toml
2026-07-27 09:17:51 INFO src.extensions: Datei 'prototypeazubi' vorhanden: /home/kaykoch/Nextcloud/Python/tss_untisanmeldung/tss_untisanmeldung/src/data/prototyp_azubis.csv
2026-07-27 09:17:51 INFO src.extensions: Datei 'prototypeausbilder' vorhanden: /home/kaykoch/Nextcloud/Python/tss_untisanmeldung/tss_untisanmeldung/src/data/prototyp_ausbilder.csv
2026-07-27 09:17:51 INFO src.extensions: Texte geladen aus: /home/kaykoch/Nextcloud/Python/tss_untisanmeldung/tss_untisanmeldung/src/data/texts.toml
2026-07-27 09:17:51 INFO src.app: Datenbanktabellen erstellt/überprüft.
2026-07-27 09:17:51 INFO src.app: --------------------------------------------------
2026-07-27 09:17:51 INFO src.app:   --> !! App: Untisanmeldung wurde erfolgreich gestartet !!
2026-07-27 09:17:51 INFO src.app: --------------------------------------------------
2026-07-27 09:17:51 INFO src.app: --------------------------------------------------
2026-07-27 09:17:51 INFO src.extensions: Datei 'infofile' vorhanden: /home/kaykoch/Nextcloud/Python/tss_untisanmeldung/tss_untisanmeldung/src/data/info.pdf
2026-07-27 09:17:51 INFO src.extensions: Datei 'tomlfile' vorhanden: /home/kaykoch/Nextcloud/Python/tss_untisanmeldung/tss_untisanmeldung/src/data/texts.toml
2026-07-27 09:17:51 INFO src.extensions: Datei 'prototypeazubi' vorhanden: /home/kaykoch/Nextcloud/Python/tss_untisanmeldung/tss_untisanmeldung/src/data/prototyp_azubis.csv
2026-07-27 09:17:51 INFO src.extensions: Datei 'prototypeausbilder' vorhanden: /home/kaykoch/Nextcloud/Python/tss_untisanmeldung/tss_untisanmeldung/src/data/prototyp_ausbilder.csv
2026-07-27 09:17:51 INFO src.extensions: Texte geladen aus: /home/kaykoch/Nextcloud/Python/tss_untisanmeldung/tss_untisanmeldung/src/data/texts.toml
2026-07-27 09:17:51 INFO src.app: Datenbanktabellen erstellt/überprüft.
2026-07-27 09:17:51 INFO src.app: --------------------------------------------------
2026-07-27 09:17:51 INFO src.app:   --> !! App: Untisanmeldung wurde erfolgreich gestartet !!
2026-07-27 09:17:51 INFO src.app: --------------------------------------------------
2026-07-27 09:17:51 INFO src.app: --------------------------------------------------
2026-07-27 09:17:51 INFO src.extensions: Datei 'infofile' vorhanden: /home/kaykoch/Nextcloud/Python/tss_untisanmeldung/tss_untisanmeldung/src/data/info.pdf
2026-07-27 09:17:51 INFO src.extensions: Datei 'tomlfile' vorhanden: /home/kaykoch/Nextcloud/Python/tss_untisanmeldung/tss_untisanmeldung/src/data/texts.toml
2026-07-27 09:17:51 INFO src.extensions: Datei 'prototypeazubi' vorhanden: /home/kaykoch/Nextcloud/Python/tss_untisanmeldung/tss_untisanmeldung/src/data/prototyp_azubis.csv
2026-07-27 09:17:51 INFO src.extensions: Datei 'prototypeausbilder' vorhanden: /home/kaykoch/Nextcloud/Python/tss_untisanmeldung/tss_untisanmeldung/src/data/prototyp_ausbilder.csv
2026-07-27 09:17:51 INFO src.extensions: Texte geladen aus: /home/kaykoch/Nextcloud/Python/tss_untisanmeldung/tss_untisanmeldung/src/data/texts.toml
2026-07-27 09:17:51 INFO src.app: Datenbanktabellen erstellt/überprüft.
2026-07-27 09:17:51 INFO src.app: --------------------------------------------------
2026-07-27 09:17:51 INFO src.app:   --> !! App: Untisanmeldung wurde erfolgreich gestartet !!
2026-07-27 09:17:51 INFO src.app: --------------------------------------------------
2026-07-27 09:20:51 INFO src.app: --------------------------------------------------
2026-07-27 09:20:51 INFO src.extensions: Datei 'infofile' vorhanden: /home/kaykoch/Nextcloud/Python/tss_untisanmeldung/tss_untisanmeldung/src/data/info.pdf
2026-07-27 09:20:51 INFO src.extensions: Datei 'tomlfile' vorhanden: /home/kaykoch/Nextcloud/Python/tss_untisanmeldung/tss_untisanmeldung/src/data/texts.toml
2026-07-27 09:20:51 INFO src.extensions: Datei 'prototypeazubi' vorhanden: /home/kaykoch/Nextcloud/Python/tss_untisanmeldung/tss_untisanmeldung/src/data/prototyp_azubis.csv
2026-07-27 09:20:51 INFO src.extensions: Datei 'prototypeausbilder' vorhanden: /home/kaykoch/Nextcloud/Python/tss_untisanmeldung/tss_untisanmeldung/src/data/prototyp_ausbilder.csv
2026-07-27 09:20:51 INFO src.extensions: Texte geladen aus: /home/kaykoch/Nextcloud/Python/tss_untisanmeldung/tss_untisanmeldung/src/data/texts.toml
2026-07-27 09:20:51 INFO src.app: Datenbanktabellen erstellt/überprüft.
2026-07-27 09:20:51 INFO src.app: --------------------------------------------------
2026-07-27 09:20:51 INFO src.app:   --> !! App: Untisanmeldung wurde erfolgreich gestartet !!
2026-07-27 09:20:51 INFO src.app: --------------------------------------------------
2026-07-27 09:20:51 INFO src.app: --------------------------------------------------
2026-07-27 09:20:51 INFO src.app: --------------------------------------------------
2026-07-27 09:20:51 INFO src.extensions: Datei 'infofile' vorhanden: /home/kaykoch/Nextcloud/Python/tss_untisanmeldung/tss_untisanmeldung/src/data/info.pdf
2026-07-27 09:20:51 INFO src.extensions: Datei 'tomlfile' vorhanden: /home/kaykoch/Nextcloud/Python/tss_untisanmeldung/tss_untisanmeldung/src/data/texts.toml
2026-07-27 09:20:51 INFO src.extensions: Datei 'infofile' vorhanden: /home/kaykoch/Nextcloud/Python/tss_untisanmeldung/tss_untisanmeldung/src/data/info.pdf
2026-07-27 09:20:51 INFO src.extensions: Datei 'prototypeazubi' vorhanden: /home/kaykoch/Nextcloud/Python/tss_untisanmeldung/tss_untisanmeldung/src/data/prototyp_azubis.csv
2026-07-27 09:20:51 INFO src.extensions: Datei 'tomlfile' vorhanden: /home/kaykoch/Nextcloud/Python/tss_untisanmeldung/tss_untisanmeldung/src/data/texts.toml
2026-07-27 09:20:51 INFO src.extensions: Datei 'prototypeausbilder' vorhanden: /home/kaykoch/Nextcloud/Python/tss_untisanmeldung/tss_untisanmeldung/src/data/prototyp_ausbilder.csv
2026-07-27 09:20:51 INFO src.extensions: Datei 'prototypeazubi' vorhanden: /home/kaykoch/Nextcloud/Python/tss_untisanmeldung/tss_untisanmeldung/src/data/prototyp_azubis.csv
2026-07-27 09:20:51 INFO src.extensions: Datei 'prototypeausbilder' vorhanden: /home/kaykoch/Nextcloud/Python/tss_untisanmeldung/tss_untisanmeldung/src/data/prototyp_ausbilder.csv
2026-07-27 09:20:51 INFO src.extensions: Texte geladen aus: /home/kaykoch/Nextcloud/Python/tss_untisanmeldung/tss_untisanmeldung/src/data/texts.toml
2026-07-27 09:20:51 INFO src.extensions: Texte geladen aus: /home/kaykoch/Nextcloud/Python/tss_untisanmeldung/tss_untisanmeldung/src/data/texts.toml
2026-07-27 09:20:51 INFO src.app: Datenbanktabellen erstellt/überprüft.
2026-07-27 09:20:51 INFO src.app: Datenbanktabellen erstellt/überprüft.
2026-07-27 09:20:51 INFO src.app: --------------------------------------------------
2026-07-27 09:20:51 INFO src.app: --------------------------------------------------
2026-07-27 09:20:51 INFO src.app:   --> !! App: Untisanmeldung wurde erfolgreich gestartet !!
2026-07-27 09:20:51 INFO src.app:   --> !! App: Untisanmeldung wurde erfolgreich gestartet !!
2026-07-27 09:20:51 INFO src.app: --------------------------------------------------
2026-07-27 09:20:51 INFO src.app: --------------------------------------------------
2026-07-27 09:20:57 INFO src.app: --------------------------------------------------
2026-07-27 09:20:57 INFO src.extensions: Datei 'infofile' vorhanden: /home/kaykoch/Nextcloud/Python/tss_untisanmeldung/tss_untisanmeldung/src/data/info.pdf
2026-07-27 09:20:57 INFO src.extensions: Datei 'tomlfile' vorhanden: /home/kaykoch/Nextcloud/Python/tss_untisanmeldung/tss_untisanmeldung/src/data/texts.toml
2026-07-27 09:20:57 INFO src.extensions: Datei 'prototypeazubi' vorhanden: /home/kaykoch/Nextcloud/Python/tss_untisanmeldung/tss_untisanmeldung/src/data/prototyp_azubis.csv
2026-07-27 09:20:57 INFO src.extensions: Datei 'prototypeausbilder' vorhanden: /home/kaykoch/Nextcloud/Python/tss_untisanmeldung/tss_untisanmeldung/src/data/prototyp_ausbilder.csv
2026-07-27 09:20:57 INFO src.extensions: Texte geladen aus: /home/kaykoch/Nextcloud/Python/tss_untisanmeldung/tss_untisanmeldung/src/data/texts.toml
2026-07-27 09:20:57 INFO src.app: Datenbanktabellen erstellt/überprüft.
2026-07-27 09:20:57 INFO src.app: --------------------------------------------------
2026-07-27 09:20:57 INFO src.app:   --> !! App: Untisanmeldung wurde erfolgreich gestartet !!
2026-07-27 09:20:57 INFO src.app: --------------------------------------------------
2026-07-27 09:20:57 INFO src.app: --------------------------------------------------
2026-07-27 09:20:57 INFO src.extensions: Datei 'infofile' vorhanden: /home/kaykoch/Nextcloud/Python/tss_untisanmeldung/tss_untisanmeldung/src/data/info.pdf
2026-07-27 09:20:57 INFO src.extensions: Datei 'tomlfile' vorhanden: /home/kaykoch/Nextcloud/Python/tss_untisanmeldung/tss_untisanmeldung/src/data/texts.toml
2026-07-27 09:20:57 INFO src.extensions: Datei 'prototypeazubi' vorhanden: /home/kaykoch/Nextcloud/Python/tss_untisanmeldung/tss_untisanmeldung/src/data/prototyp_azubis.csv
2026-07-27 09:20:57 INFO src.extensions: Datei 'prototypeausbilder' vorhanden: /home/kaykoch/Nextcloud/Python/tss_untisanmeldung/tss_untisanmeldung/src/data/prototyp_ausbilder.csv
2026-07-27 09:20:57 INFO src.extensions: Texte geladen aus: /home/kaykoch/Nextcloud/Python/tss_untisanmeldung/tss_untisanmeldung/src/data/texts.toml
2026-07-27 09:20:57 INFO src.app: Datenbanktabellen erstellt/überprüft.
2026-07-27 09:20:57 INFO src.app: --------------------------------------------------
2026-07-27 09:20:57 INFO src.app:   --> !! App: Untisanmeldung wurde erfolgreich gestartet !!
2026-07-27 09:20:57 INFO src.app: --------------------------------------------------
2026-07-27 09:20:57 INFO src.app: --------------------------------------------------
2026-07-27 09:20:57 INFO src.extensions: Datei 'infofile' vorhanden: /home/kaykoch/Nextcloud/Python/tss_untisanmeldung/tss_untisanmeldung/src/data/info.pdf
2026-07-27 09:20:57 INFO src.extensions: Datei 'tomlfile' vorhanden: /home/kaykoch/Nextcloud/Python/tss_untisanmeldung/tss_untisanmeldung/src/data/texts.toml
2026-07-27 09:20:57 INFO src.extensions: Datei 'prototypeazubi' vorhanden: /home/kaykoch/Nextcloud/Python/tss_untisanmeldung/tss_untisanmeldung/src/data/prototyp_azubis.csv
2026-07-27 09:20:57 INFO src.extensions: Datei 'prototypeausbilder' vorhanden: /home/kaykoch/Nextcloud/Python/tss_untisanmeldung/tss_untisanmeldung/src/data/prototyp_ausbilder.csv
2026-07-27 09:20:57 INFO src.extensions: Texte geladen aus: /home/kaykoch/Nextcloud/Python/tss_untisanmeldung/tss_untisanmeldung/src/data/texts.toml
2026-07-27 09:20:57 INFO src.app: Datenbanktabellen erstellt/überprüft.
2026-07-27 09:20:57 INFO src.app: --------------------------------------------------
2026-07-27 09:20:57 INFO src.app:   --> !! App: Untisanmeldung wurde erfolgreich gestartet !!
2026-07-27 09:20:57 INFO src.app: --------------------------------------------------
2026-07-27 09:21:04 INFO src.app: --------------------------------------------------
2026-07-27 09:21:04 INFO src.extensions: Datei 'infofile' vorhanden: /home/kaykoch/Nextcloud/Python/tss_untisanmeldung/tss_untisanmeldung/src/data/info.pdf
2026-07-27 09:21:04 INFO src.extensions: Datei 'tomlfile' vorhanden: /home/kaykoch/Nextcloud/Python/tss_untisanmeldung/tss_untisanmeldung/src/data/texts.toml
2026-07-27 09:21:04 INFO src.extensions: Datei 'prototypeazubi' vorhanden: /home/kaykoch/Nextcloud/Python/tss_untisanmeldung/tss_untisanmeldung/src/data/prototyp_azubis.csv
2026-07-27 09:21:04 INFO src.extensions: Datei 'prototypeausbilder' vorhanden: /home/kaykoch/Nextcloud/Python/tss_untisanmeldung/tss_untisanmeldung/src/data/prototyp_ausbilder.csv
2026-07-27 09:21:04 INFO src.extensions: Texte geladen aus: /home/kaykoch/Nextcloud/Python/tss_untisanmeldung/tss_untisanmeldung/src/data/texts.toml
2026-07-27 09:21:04 INFO src.app: Datenbanktabellen erstellt/überprüft.
2026-07-27 09:21:04 INFO src.app: --------------------------------------------------
2026-07-27 09:21:04 INFO src.app:   --> !! App: Untisanmeldung wurde erfolgreich gestartet !!
2026-07-27 09:21:04 INFO src.app: --------------------------------------------------
2026-07-27 09:21:04 INFO src.app: --------------------------------------------------
2026-07-27 09:21:04 INFO src.extensions: Datei 'infofile' vorhanden: /home/kaykoch/Nextcloud/Python/tss_untisanmeldung/tss_untisanmeldung/src/data/info.pdf
2026-07-27 09:21:04 INFO src.extensions: Datei 'tomlfile' vorhanden: /home/kaykoch/Nextcloud/Python/tss_untisanmeldung/tss_untisanmeldung/src/data/texts.toml
2026-07-27 09:21:04 INFO src.extensions: Datei 'prototypeazubi' vorhanden: /home/kaykoch/Nextcloud/Python/tss_untisanmeldung/tss_untisanmeldung/src/data/prototyp_azubis.csv
2026-07-27 09:21:04 INFO src.extensions: Datei 'prototypeausbilder' vorhanden: /home/kaykoch/Nextcloud/Python/tss_untisanmeldung/tss_untisanmeldung/src/data/prototyp_ausbilder.csv
2026-07-27 09:21:04 INFO src.extensions: Texte geladen aus: /home/kaykoch/Nextcloud/Python/tss_untisanmeldung/tss_untisanmeldung/src/data/texts.toml
2026-07-27 09:21:04 INFO src.app: Datenbanktabellen erstellt/überprüft.
2026-07-27 09:21:04 INFO src.app: --------------------------------------------------
2026-07-27 09:21:04 INFO src.app:   --> !! App: Untisanmeldung wurde erfolgreich gestartet !!
2026-07-27 09:21:04 INFO src.app: --------------------------------------------------
2026-07-27 09:21:04 INFO src.app: --------------------------------------------------
2026-07-27 09:21:04 INFO src.extensions: Datei 'infofile' vorhanden: /home/kaykoch/Nextcloud/Python/tss_untisanmeldung/tss_untisanmeldung/src/data/info.pdf
2026-07-27 09:21:04 INFO src.extensions: Datei 'tomlfile' vorhanden: /home/kaykoch/Nextcloud/Python/tss_untisanmeldung/tss_untisanmeldung/src/data/texts.toml
2026-07-27 09:21:04 INFO src.extensions: Datei 'prototypeazubi' vorhanden: /home/kaykoch/Nextcloud/Python/tss_untisanmeldung/tss_untisanmeldung/src/data/prototyp_azubis.csv
2026-07-27 09:21:04 INFO src.extensions: Datei 'prototypeausbilder' vorhanden: /home/kaykoch/Nextcloud/Python/tss_untisanmeldung/tss_untisanmeldung/src/data/prototyp_ausbilder.csv
2026-07-27 09:21:04 INFO src.extensions: Texte geladen aus: /home/kaykoch/Nextcloud/Python/tss_untisanmeldung/tss_untisanmeldung/src/data/texts.toml
2026-07-27 09:21:04 INFO src.app: Datenbanktabellen erstellt/überprüft.
2026-07-27 09:21:04 INFO src.app: --------------------------------------------------
2026-07-27 09:21:04 INFO src.app:   --> !! App: Untisanmeldung wurde erfolgreich gestartet !!
2026-07-27 09:21:04 INFO src.app: --------------------------------------------------
2026-07-27 09:26:28 INFO src.app: --------------------------------------------------
2026-07-27 09:26:28 INFO src.extensions: Datei 'infofile' vorhanden: /home/kaykoch/Nextcloud/Python/tss_untisanmeldung/tss_untisanmeldung/src/data/info.pdf
2026-07-27 09:26:28 INFO src.extensions: Datei 'tomlfile' vorhanden: /home/kaykoch/Nextcloud/Python/tss_untisanmeldung/tss_untisanmeldung/src/data/texts.toml
2026-07-27 09:26:28 INFO src.extensions: Datei 'prototypeazubi' vorhanden: /home/kaykoch/Nextcloud/Python/tss_untisanmeldung/tss_untisanmeldung/src/data/prototyp_azubis.csv
2026-07-27 09:26:28 INFO src.extensions: Datei 'prototypeausbilder' vorhanden: /home/kaykoch/Nextcloud/Python/tss_untisanmeldung/tss_untisanmeldung/src/data/prototyp_ausbilder.csv
2026-07-27 09:26:28 INFO src.extensions: Texte geladen aus: /home/kaykoch/Nextcloud/Python/tss_untisanmeldung/tss_untisanmeldung/src/data/texts.toml
2026-07-27 09:26:28 INFO src.app: Datenbanktabellen erstellt/überprüft.
2026-07-27 09:26:28 INFO src.app: --------------------------------------------------
2026-07-27 09:26:28 INFO src.app:   --> !! App: Untisanmeldung wurde erfolgreich gestartet !!
2026-07-27 09:26:28 INFO src.app: --------------------------------------------------
2026-07-27 09:26:28 INFO src.app: --------------------------------------------------
2026-07-27 09:26:28 INFO src.extensions: Datei 'infofile' vorhanden: /home/kaykoch/Nextcloud/Python/tss_untisanmeldung/tss_untisanmeldung/src/data/info.pdf
2026-07-27 09:26:28 INFO src.extensions: Datei 'tomlfile' vorhanden: /home/kaykoch/Nextcloud/Python/tss_untisanmeldung/tss_untisanmeldung/src/data/texts.toml
2026-07-27 09:26:28 INFO src.extensions: Datei 'prototypeazubi' vorhanden: /home/kaykoch/Nextcloud/Python/tss_untisanmeldung/tss_untisanmeldung/src/data/prototyp_azubis.csv
2026-07-27 09:26:28 INFO src.extensions: Datei 'prototypeausbilder' vorhanden: /home/kaykoch/Nextcloud/Python/tss_untisanmeldung/tss_untisanmeldung/src/data/prototyp_ausbilder.csv
2026-07-27 09:26:28 INFO src.extensions: Texte geladen aus: /home/kaykoch/Nextcloud/Python/tss_untisanmeldung/tss_untisanmeldung/src/data/texts.toml
2026-07-27 09:26:28 INFO src.app: Datenbanktabellen erstellt/überprüft.
2026-07-27 09:26:28 INFO src.app: --------------------------------------------------
2026-07-27 09:26:28 INFO src.app:   --> !! App: Untisanmeldung wurde erfolgreich gestartet !!
2026-07-27 09:26:28 INFO src.app: --------------------------------------------------
2026-07-27 09:26:28 INFO src.app: --------------------------------------------------
2026-07-27 09:26:28 INFO src.extensions: Datei 'infofile' vorhanden: /home/kaykoch/Nextcloud/Python/tss_untisanmeldung/tss_untisanmeldung/src/data/info.pdf
2026-07-27 09:26:28 INFO src.extensions: Datei 'tomlfile' vorhanden: /home/kaykoch/Nextcloud/Python/tss_untisanmeldung/tss_untisanmeldung/src/data/texts.toml
2026-07-27 09:26:28 INFO src.extensions: Datei 'prototypeazubi' vorhanden: /home/kaykoch/Nextcloud/Python/tss_untisanmeldung/tss_untisanmeldung/src/data/prototyp_azubis.csv
2026-07-27 09:26:28 INFO src.extensions: Datei 'prototypeausbilder' vorhanden: /home/kaykoch/Nextcloud/Python/tss_untisanmeldung/tss_untisanmeldung/src/data/prototyp_ausbilder.csv
2026-07-27 09:26:28 INFO src.extensions: Texte geladen aus: /home/kaykoch/Nextcloud/Python/tss_untisanmeldung/tss_untisanmeldung/src/data/texts.toml
2026-07-27 09:26:28 INFO src.app: Datenbanktabellen erstellt/überprüft.
2026-07-27 09:26:28 INFO src.app: --------------------------------------------------
2026-07-27 09:26:28 INFO src.app:   --> !! App: Untisanmeldung wurde erfolgreich gestartet !!
2026-07-27 09:26:28 INFO src.app: --------------------------------------------------
2026-07-27 09:31:41 INFO src.app: --------------------------------------------------
2026-07-27 09:31:41 INFO src.extensions: Datei 'infofile' vorhanden: /home/kaykoch/Nextcloud/Python/tss_untisanmeldung/tss_untisanmeldung/src/data/info.pdf
2026-07-27 09:31:41 INFO src.extensions: Datei 'tomlfile' vorhanden: /home/kaykoch/Nextcloud/Python/tss_untisanmeldung/tss_untisanmeldung/src/data/texts.toml
2026-07-27 09:31:41 INFO src.extensions: Datei 'prototypeazubi' vorhanden: /home/kaykoch/Nextcloud/Python/tss_untisanmeldung/tss_untisanmeldung/src/data/prototyp_azubis.csv
2026-07-27 09:31:41 INFO src.extensions: Datei 'prototypeausbilder' vorhanden: /home/kaykoch/Nextcloud/Python/tss_untisanmeldung/tss_untisanmeldung/src/data/prototyp_ausbilder.csv
2026-07-27 09:31:41 INFO src.extensions: Texte geladen aus: /home/kaykoch/Nextcloud/Python/tss_untisanmeldung/tss_untisanmeldung/src/data/texts.toml
2026-07-27 09:31:42 INFO src.app: Datenbanktabellen erstellt/überprüft.
2026-07-27 09:31:42 INFO src.app: --------------------------------------------------
2026-07-27 09:31:42 INFO src.app:   --> !! App: Untisanmeldung wurde erfolgreich gestartet !!
2026-07-27 09:31:42 INFO src.app: --------------------------------------------------
2026-07-27 09:31:42 INFO src.app: --------------------------------------------------
2026-07-27 09:31:42 INFO src.extensions: Datei 'infofile' vorhanden: /home/kaykoch/Nextcloud/Python/tss_untisanmeldung/tss_untisanmeldung/src/data/info.pdf
2026-07-27 09:31:42 INFO src.extensions: Datei 'tomlfile' vorhanden: /home/kaykoch/Nextcloud/Python/tss_untisanmeldung/tss_untisanmeldung/src/data/texts.toml
2026-07-27 09:31:42 INFO src.extensions: Datei 'prototypeazubi' vorhanden: /home/kaykoch/Nextcloud/Python/tss_untisanmeldung/tss_untisanmeldung/src/data/prototyp_azubis.csv
2026-07-27 09:31:42 INFO src.extensions: Datei 'prototypeausbilder' vorhanden: /home/kaykoch/Nextcloud/Python/tss_untisanmeldung/tss_untisanmeldung/src/data/prototyp_ausbilder.csv
2026-07-27 09:31:42 INFO src.extensions: Texte geladen aus: /home/kaykoch/Nextcloud/Python/tss_untisanmeldung/tss_untisanmeldung/src/data/texts.toml
2026-07-27 09:31:42 INFO src.app: Datenbanktabellen erstellt/überprüft.
2026-07-27 09:31:42 INFO src.app: --------------------------------------------------
2026-07-27 09:31:42 INFO src.app:   --> !! App: Untisanmeldung wurde erfolgreich gestartet !!
2026-07-27 09:31:42 INFO src.app: --------------------------------------------------
2026-07-27 09:31:42 INFO src.app: --------------------------------------------------
2026-07-27 09:31:42 INFO src.extensions: Datei 'infofile' vorhanden: /home/kaykoch/Nextcloud/Python/tss_untisanmeldung/tss_untisanmeldung/src/data/info.pdf
2026-07-27 09:31:42 INFO src.extensions: Datei 'tomlfile' vorhanden: /home/kaykoch/Nextcloud/Python/tss_untisanmeldung/tss_untisanmeldung/src/data/texts.toml
2026-07-27 09:31:42 INFO src.extensions: Datei 'prototypeazubi' vorhanden: /home/kaykoch/Nextcloud/Python/tss_untisanmeldung/tss_untisanmeldung/src/data/prototyp_azubis.csv
2026-07-27 09:31:42 INFO src.extensions: Datei 'prototypeausbilder' vorhanden: /home/kaykoch/Nextcloud/Python/tss_untisanmeldung/tss_untisanmeldung/src/data/prototyp_ausbilder.csv
2026-07-27 09:31:42 INFO src.extensions: Texte geladen aus: /home/kaykoch/Nextcloud/Python/tss_untisanmeldung/tss_untisanmeldung/src/data/texts.toml
2026-07-27 09:31:42 INFO src.app: Datenbanktabellen erstellt/überprüft.
2026-07-27 09:31:42 INFO src.app: --------------------------------------------------
2026-07-27 09:31:42 INFO src.app:   --> !! App: Untisanmeldung wurde erfolgreich gestartet !!
2026-07-27 09:31:42 INFO src.app: --------------------------------------------------
2026-07-27 09:32:46 INFO src.app: --------------------------------------------------
2026-07-27 09:32:46 INFO src.extensions: Datei 'infofile' vorhanden: /home/kaykoch/Nextcloud/Python/tss_untisanmeldung/tss_untisanmeldung/src/data/info.pdf
2026-07-27 09:32:46 INFO src.extensions: Datei 'tomlfile' vorhanden: /home/kaykoch/Nextcloud/Python/tss_untisanmeldung/tss_untisanmeldung/src/data/texts.toml
2026-07-27 09:32:46 INFO src.extensions: Datei 'prototypeazubi' vorhanden: /home/kaykoch/Nextcloud/Python/tss_untisanmeldung/tss_untisanmeldung/src/data/prototyp_azubis.csv
2026-07-27 09:32:46 INFO src.extensions: Datei 'prototypeausbilder' vorhanden: /home/kaykoch/Nextcloud/Python/tss_untisanmeldung/tss_untisanmeldung/src/data/prototyp_ausbilder.csv
2026-07-27 09:32:46 INFO src.extensions: Texte geladen aus: /home/kaykoch/Nextcloud/Python/tss_untisanmeldung/tss_untisanmeldung/src/data/texts.toml
2026-07-27 09:32:46 INFO src.app: Datenbanktabellen erstellt/überprüft.
2026-07-27 09:32:46 INFO src.app: --------------------------------------------------
2026-07-27 09:32:46 INFO src.app:   --> !! App: Untisanmeldung wurde erfolgreich gestartet !!
2026-07-27 09:32:46 INFO src.app: --------------------------------------------------
2026-07-27 09:32:46 INFO src.app: --------------------------------------------------
2026-07-27 09:32:46 INFO src.extensions: Datei 'infofile' vorhanden: /home/kaykoch/Nextcloud/Python/tss_untisanmeldung/tss_untisanmeldung/src/data/info.pdf
2026-07-27 09:32:46 INFO src.extensions: Datei 'tomlfile' vorhanden: /home/kaykoch/Nextcloud/Python/tss_untisanmeldung/tss_untisanmeldung/src/data/texts.toml
2026-07-27 09:32:46 INFO src.extensions: Datei 'prototypeazubi' vorhanden: /home/kaykoch/Nextcloud/Python/tss_untisanmeldung/tss_untisanmeldung/src/data/prototyp_azubis.csv
2026-07-27 09:32:46 INFO src.extensions: Datei 'prototypeausbilder' vorhanden: /home/kaykoch/Nextcloud/Python/tss_untisanmeldung/tss_untisanmeldung/src/data/prototyp_ausbilder.csv
2026-07-27 09:32:46 INFO src.extensions: Texte geladen aus: /home/kaykoch/Nextcloud/Python/tss_untisanmeldung/tss_untisanmeldung/src/data/texts.toml
2026-07-27 09:32:46 INFO src.app: Datenbanktabellen erstellt/überprüft.
2026-07-27 09:32:46 INFO src.app: --------------------------------------------------
2026-07-27 09:32:46 INFO src.app:   --> !! App: Untisanmeldung wurde erfolgreich gestartet !!
2026-07-27 09:32:46 INFO src.app: --------------------------------------------------
2026-07-27 09:32:46 INFO src.app: --------------------------------------------------
2026-07-27 09:32:46 INFO src.extensions: Datei 'infofile' vorhanden: /home/kaykoch/Nextcloud/Python/tss_untisanmeldung/tss_untisanmeldung/src/data/info.pdf
2026-07-27 09:32:46 INFO src.extensions: Datei 'tomlfile' vorhanden: /home/kaykoch/Nextcloud/Python/tss_untisanmeldung/tss_untisanmeldung/src/data/texts.toml
2026-07-27 09:32:46 INFO src.extensions: Datei 'prototypeazubi' vorhanden: /home/kaykoch/Nextcloud/Python/tss_untisanmeldung/tss_untisanmeldung/src/data/prototyp_azubis.csv
2026-07-27 09:32:46 INFO src.extensions: Datei 'prototypeausbilder' vorhanden: /home/kaykoch/Nextcloud/Python/tss_untisanmeldung/tss_untisanmeldung/src/data/prototyp_ausbilder.csv
2026-07-27 09:32:46 INFO src.extensions: Texte geladen aus: /home/kaykoch/Nextcloud/Python/tss_untisanmeldung/tss_untisanmeldung/src/data/texts.toml
2026-07-27 09:32:46 INFO src.app: Datenbanktabellen erstellt/überprüft.
2026-07-27 09:32:46 INFO src.app: --------------------------------------------------
2026-07-27 09:32:46 INFO src.app:   --> !! App: Untisanmeldung wurde erfolgreich gestartet !!
2026-07-27 09:32:46 INFO src.app: --------------------------------------------------
2026-07-27 09:32:51 INFO src.app: --------------------------------------------------
2026-07-27 09:32:51 INFO src.extensions: Datei 'infofile' vorhanden: /home/kaykoch/Nextcloud/Python/tss_untisanmeldung/tss_untisanmeldung/src/data/info.pdf
2026-07-27 09:32:51 INFO src.extensions: Datei 'tomlfile' vorhanden: /home/kaykoch/Nextcloud/Python/tss_untisanmeldung/tss_untisanmeldung/src/data/texts.toml
2026-07-27 09:32:51 INFO src.extensions: Datei 'prototypeazubi' vorhanden: /home/kaykoch/Nextcloud/Python/tss_untisanmeldung/tss_untisanmeldung/src/data/prototyp_azubis.csv
2026-07-27 09:32:51 INFO src.extensions: Datei 'prototypeausbilder' vorhanden: /home/kaykoch/Nextcloud/Python/tss_untisanmeldung/tss_untisanmeldung/src/data/prototyp_ausbilder.csv
2026-07-27 09:32:51 INFO src.extensions: Texte geladen aus: /home/kaykoch/Nextcloud/Python/tss_untisanmeldung/tss_untisanmeldung/src/data/texts.toml
2026-07-27 09:32:51 INFO src.app: Datenbanktabellen erstellt/überprüft.
2026-07-27 09:32:51 INFO src.app: --------------------------------------------------
2026-07-27 09:32:51 INFO src.app:   --> !! App: Untisanmeldung wurde erfolgreich gestartet !!
2026-07-27 09:32:51 INFO src.app: --------------------------------------------------
2026-07-27 09:32:51 INFO src.app: --------------------------------------------------
2026-07-27 09:32:51 INFO src.extensions: Datei 'infofile' vorhanden: /home/kaykoch/Nextcloud/Python/tss_untisanmeldung/tss_untisanmeldung/src/data/info.pdf
2026-07-27 09:32:51 INFO src.extensions: Datei 'tomlfile' vorhanden: /home/kaykoch/Nextcloud/Python/tss_untisanmeldung/tss_untisanmeldung/src/data/texts.toml
2026-07-27 09:32:51 INFO src.extensions: Datei 'prototypeazubi' vorhanden: /home/kaykoch/Nextcloud/Python/tss_untisanmeldung/tss_untisanmeldung/src/data/prototyp_azubis.csv
2026-07-27 09:32:51 INFO src.extensions: Datei 'prototypeausbilder' vorhanden: /home/kaykoch/Nextcloud/Python/tss_untisanmeldung/tss_untisanmeldung/src/data/prototyp_ausbilder.csv
2026-07-27 09:32:51 INFO src.extensions: Texte geladen aus: /home/kaykoch/Nextcloud/Python/tss_untisanmeldung/tss_untisanmeldung/src/data/texts.toml
2026-07-27 09:32:51 INFO src.app: Datenbanktabellen erstellt/überprüft.
2026-07-27 09:32:51 INFO src.app: --------------------------------------------------
2026-07-27 09:32:51 INFO src.app:   --> !! App: Untisanmeldung wurde erfolgreich gestartet !!
2026-07-27 09:32:51 INFO src.app: --------------------------------------------------
2026-07-27 09:32:51 INFO src.app: --------------------------------------------------
2026-07-27 09:32:51 INFO src.extensions: Datei 'infofile' vorhanden: /home/kaykoch/Nextcloud/Python/tss_untisanmeldung/tss_untisanmeldung/src/data/info.pdf
2026-07-27 09:32:51 INFO src.extensions: Datei 'tomlfile' vorhanden: /home/kaykoch/Nextcloud/Python/tss_untisanmeldung/tss_untisanmeldung/src/data/texts.toml
2026-07-27 09:32:51 INFO src.extensions: Datei 'prototypeazubi' vorhanden: /home/kaykoch/Nextcloud/Python/tss_untisanmeldung/tss_untisanmeldung/src/data/prototyp_azubis.csv
2026-07-27 09:32:51 INFO src.extensions: Datei 'prototypeausbilder' vorhanden: /home/kaykoch/Nextcloud/Python/tss_untisanmeldung/tss_untisanmeldung/src/data/prototyp_ausbilder.csv
2026-07-27 09:32:51 INFO src.extensions: Texte geladen aus: /home/kaykoch/Nextcloud/Python/tss_untisanmeldung/tss_untisanmeldung/src/data/texts.toml
2026-07-27 09:32:51 INFO src.app: Datenbanktabellen erstellt/überprüft.
2026-07-27 09:32:51 INFO src.app: --------------------------------------------------
2026-07-27 09:32:51 INFO src.app:   --> !! App: Untisanmeldung wurde erfolgreich gestartet !!
2026-07-27 09:32:51 INFO src.app: --------------------------------------------------
